
> criptodamus-backend@1.0.2 start
> tsx src/server.ts

[BinanceStream] Configuring streams for 9 Elite Assets...
Ô£à Telegram Service Initialized
npm.cmd : 
node:internal/modules/cjs/loader:1365
En C:\Users\Matías Riquelme\Documents\Window
sPowerShell\Microsoft.PowerShell_profile.ps1
: 6 Carácter: 16
+ function npm { & "C:\Program 
Files\nodejs\npm.cmd" $args }
+                
~~~~~~~~~~~~~~~~~~~~~~~~~~~~~~~~~~~~~~~~~
    + CategoryInfo          : NotSpecified: 
(    
node:internal/modules/cjs/loader:1365:Str   
 ing) [], RemoteException
    + FullyQualifiedErrorId : 
NativeCommandEr    ror
 
  const err = new Error(message);
              ^

Error: Cannot find module 'node-cron'
Require stack:
- C:\Users\Mat├¡as 
Riquelme\Desktop\CriptodamusFinal-main - 
copia\backend\src\scheduler.ts
- C:\Users\Mat├¡as 
Riquelme\Desktop\CriptodamusFinal-main - 
copia\backend\src\server.ts
    at 
node:internal/modules/cjs/loader:1365:15
    at nextResolveSimple (C:\Users\Mat├¡as 
Riquelme\Desktop\CriptodamusFinal-main - cop
ia\backend\node_modules\tsx\dist\register-D4
6fvsV_.cjs:4:1004)
    at C:\Users\Mat├¡as 
Riquelme\Desktop\CriptodamusFinal-main - cop
ia\backend\node_modules\tsx\dist\register-D4
6fvsV_.cjs:3:2630
    at C:\Users\Mat├¡as 
Riquelme\Desktop\CriptodamusFinal-main - cop
ia\backend\node_modules\tsx\dist\register-D4
6fvsV_.cjs:3:1542
    at resolveTsPaths (C:\Users\Mat├¡as 
Riquelme\Desktop\CriptodamusFinal-main - cop
ia\backend\node_modules\tsx\dist\register-D4
6fvsV_.cjs:4:760)
    at C:\Users\Mat├¡as 
Riquelme\Desktop\CriptodamusFinal-main - cop
ia\backend\node_modules\tsx\dist\register-D4
6fvsV_.cjs:4:1102
    at m._resolveFilename (file:///C:/Users/
Mat%C3%ADas%20Riquelme/Desktop/CriptodamusFi
nal-main%20-%20copia/backend/node_modules/ts
x/dist/register-B7jrtLTO.mjs:1:789)
    at defaultResolveImpl 
(node:internal/modules/cjs/loader:1021:19)
    at resolveForCJSWithHooks 
(node:internal/modules/cjs/loader:1026:22)
    at Function._load 
(node:internal/modules/cjs/loader:1175:37)
    at TracingChannel.traceSync 
(node:diagnostics_channel:322:14)
    at wrapModuleLoad 
(node:internal/modules/cjs/loader:235:24)
    at Module.require 
(node:internal/modules/cjs/loader:1445:12)
    at require 
(node:internal/modules/helpers:135:16)
    at path (C:\Users\Mat├¡as 
Riquelme\Desktop\CriptodamusFinal-main - 
copia\backend\src\scheduler.ts:2:18)
    at Object.<anonymous> (C:\Users\Mat├¡as 
Riquelme\Desktop\CriptodamusFinal-main - 
copia\backend\src\scheduler.ts:52:17)
    at Module._compile 
(node:internal/modules/cjs/loader:1688:14)
    at Object.transformer (C:\Users\Mat├¡as 
Riquelme\Desktop\CriptodamusFinal-main - cop
ia\backend\node_modules\tsx\dist\register-D4
6fvsV_.cjs:3:1104)
    at Module.load 
(node:internal/modules/cjs/loader:1423:32)
    at Function._load 
(node:internal/modules/cjs/loader:1246:12)
    at TracingChannel.traceSync 
(node:diagnostics_channel:322:14)
    at wrapModuleLoad 
(node:internal/modules/cjs/loader:235:24) {
  code: 'MODULE_NOT_FOUND',
  requireStack: [
    'C:\\Users\\Mat├¡as 
Riquelme\\Desktop\\CriptodamusFinal-main - 
copia\\backend\\src\\scheduler.ts',
    'C:\\Users\\Mat├¡as 
Riquelme\\Desktop\\CriptodamusFinal-main - 
copia\\backend\\src\\server.ts'
  ]
}

Node.js v22.18.0
